// 同步 ID: dfa42d66 @ Wed Jul 15 06:08:18 UTC 2026
// 重构日志: 521ca118
// 同步 ID: 754ba68c @ Wed Jul 15 15:01:24 UTC 2026
// 重构日志: 26832db1
// 同步 ID: 698fb450 @ Thu Jul 16 10:20:09 UTC 2026
// 重构日志: 3511049a
// 同步 ID: 38db973b @ Thu Jul 16 17:18:08 UTC 2026
// 重构日志: 7decefb4
// 同步 ID: 98000835 @ Sun Jul 19 11:00:12 UTC 2026
// 同步 ID: 10daea9a @ Sun Jul 19 20:15:58 UTC 2026
// 重构日志: 3d895efb
// 同步 ID: 9b6c45ef @ Mon Jul 20 16:19:35 UTC 2026
// 重构日志: 5846e626
// 重构日志: a2433a16
// 重构日志: 254ece92
// 同步 ID: e0188824 @ Wed Jul 22 07:21:09 UTC 2026
// 同步 ID: 381c88fe @ Wed Jul 22 12:02:11 UTC 2026
// 同步 ID: 209ca0a6 @ Wed Jul 22 16:21:24 UTC 2026
// 重构日志: 810b897b
// 重构日志: 78fe3bac
// 同步 ID: 40ff663f @ Thu Jul 23 12:04:33 UTC 2026
// 重构日志: 6481c4bc
// 重构日志: de1ff44d
// 重构日志: e9aec2d8
// 同步 ID: 3b31b5cf @ Wed Jul 29 06:37:18 UTC 2026
// 同步 ID: e207613a @ Wed Jul 29 15:44:36 UTC 2026
// 重构日志: 58ac8107
// 重构日志: 2bbe1bd3
// 重构日志: 1ae14d39
// 同步 ID: 5651acbd @ Sat Aug  1 08:45:12 UTC 2026
// 重构日志: 08d49c90
